2026-09-30 10:21:05.054: [INFO][Sync] Reset engine, reason: 8
2026-09-30 10:21:05.054: [INFO][Sync] Stopped: Bookmarks
2026-09-30 10:21:05.054: [INFO][Sync] Stopped: Preferences
2026-09-30 10:21:05.054: [INFO][Sync] Stopped: Passwords
2026-09-30 10:21:05.054: [INFO][Sync] Stopped: Autofill Profiles
2026-09-30 10:21:05.054: [INFO][Sync] Stopped: Autofill
2026-09-30 10:21:05.054: [INFO][Sync] Stopped: Extensions
2026-09-30 10:21:05.054: [INFO][Sync] Stopped: Sessions
2026-09-30 10:21:05.054: [INFO][Sync] Stopped: Extension settings
2026-09-30 10:21:05.054: [INFO][Sync] Stopped: History Delete Directives
2026-09-30 10:21:05.054: [INFO][Sync] Stopped: Device Info
2026-09-30 10:21:05.054: [INFO][Sync] Stopped: User Consents
2026-09-30 10:21:05.054: [INFO][Sync] Stopped: Send Tab To Self
2026-09-30 10:21:05.054: [INFO][Sync] Stopped: Web Apps
2026-09-30 10:21:05.055: [INFO][Sync] Stopped: History
2026-09-30 10:21:05.055: [INFO][Sync] Stopped: Saved Tab Group
2026-09-30 10:21:05.055: [INFO][Sync] Stopped: WebAuthn Credentials
2026-09-30 10:21:05.055: [INFO][Sync] Stopped: Edge Hub App Usage
2026-09-30 10:21:05.055: [INFO][Sync] Stopped: Edge Workspace
2026-09-30 10:21:05.055: [INFO][Sync] Configured DataTypeManager: Aborted
2026-09-30 10:21:05.055: [INFO][Sync] Reset engine with reason: 8
2026-09-30 10:21:05.055: [INFO][SyncEngineBackend::DoStartConfiguration] Start configuration
2026-09-30 10:21:05.055: [INFO][SyncManagerImpl::NudgeForInitialDownload] Initial download nudge for Extensions
2026-09-30 10:21:05.055: [INFO][SyncManagerImpl::NudgeForInitialDownload] Initial download nudge for Extension settings
2026-09-30 10:21:05.055: [INFO][SyncManagerImpl::NudgeForInitialDownload] Initial download nudge for Device Info
2026-09-30 10:21:05.055: [INFO][SyncManagerImpl::NudgeForInitialDownload] Initial download nudge for Send Tab To Self
2026-09-30 10:21:05.055: [INFO][SyncManagerImpl::NudgeForInitialDownload] Initial download nudge for Web Apps
2026-09-30 10:21:05.055: [INFO][SyncManagerImpl::ConfigureSyncer] Types to download:  with reason: 3
2026-09-30 10:21:05.055: [INFO][SyncEngineBackend::DoFinishConfigureDataTypes] Failed to download types:  and succeeded types: 
2026-09-30 10:21:05.058: [INFO][SyncAuthManager::SetLastAuthError] Current auth error: None
2026-09-30 10:21:05.058: [INFO][SyncAuthManager::SetLastAuthError] Current auth error: None
2026-09-30 10:22:35.916: [INFO][Sync] Reset engine, reason: 0
