2026-09-28 13:57:21.530: [INFO] CurrentProfilePath: C:\Project\JingDongSign\edge-debug-profile\Default
2026-09-28 13:57:21.530: [INFO] Profiles total count: 1
2026-09-28 13:57:21.530: [INFO] Profile: name=用户配置 1 path=C:\Project\JingDongSign\edge-debug-profile\Default lastActive=2026-09-28T13:57:21.453Z
2026-09-28 13:57:21.530: [INFO] LastUsedProfileDir: C:\Project\JingDongSign\edge-debug-profile\Default
2026-09-28 13:57:21.530: [INFO] MostRecentlyActiveProfile: name=用户配置 1 path=C:\Project\JingDongSign\edge-debug-profile\Default lastActive=2026-09-28T13:57:21.453Z
2026-09-28 13:57:21.530: [INFO] OnDoneLoading sync enabled: 0
2026-09-28 13:57:21.530: [INFO] BookmarkModelLoaded, ids_reassigned: 0
2026-09-28 13:57:21.530: [INFO] BookmarksLoadDropped droppedNodes=0
2026-09-28 13:57:21.530: [INFO] BookmarksSnapshot Startup total=0 bar=0 other=0 mobile=0 showBar=0 showBarNTP=1
2026-09-28 13:57:21.654: [INFO] RecordSyncInitDuration has_sync_been_enabled: 0 state: 0
2026-09-28 13:57:26.323: [INFO] RecordSyncInitDuration has_sync_been_enabled: 0 state: 0
2026-09-28 13:57:26.332: [INFO] RecordSyncInitDuration has_sync_been_enabled: 0 state: 3
2026-09-28 13:57:26.354: [INFO] Primary account changed.
2026-09-28 13:57:26.354: [INFO] OnPrimaryAccountChanged PrimaryAccountChangeEvent::Type::kSet
2026-09-28 13:57:26.389: [INFO] RecordSyncInitDuration has_sync_been_enabled: 0 state: 3
2026-09-28 13:57:29.363: [INFO] RecordSyncInitDuration has_sync_been_enabled: 0 state: 0
2026-09-28 13:57:29.365: [INFO] RecordSyncInitDuration has_sync_been_enabled: 0 state: 0
2026-09-28 13:57:29.366: [INFO] RecordSyncInitDuration has_sync_been_enabled: 0 state: 0
2026-09-28 13:57:29.408: [INFO] Primary account changed.
2026-09-28 13:57:29.408: [INFO] OnPrimaryAccountChanged PrimaryAccountChangeEvent::Type::kCleared
2026-09-28 13:57:29.415: [INFO] RecordSyncInitDuration has_sync_been_enabled: 0 state: 0
2026-09-28 13:57:38.116: [INFO] VisibilityChanged: 0
2026-09-28 13:57:54.781: [INFO] VisibilityChanged: 1
2026-09-28 13:57:57.891: [INFO] VisibilityChanged: 0
2026-09-28 14:16:42.602: [INFO] BookmarksSnapshot Shutdown total=0 bar=0 other=0 mobile=0 showBar=0 showBarNTP=1
2026-09-28 14:16:50.693: [INFO] CurrentProfilePath: C:\Project\JingDongSign\edge-debug-profile\Default
2026-09-28 14:16:50.693: [INFO] Profiles total count: 1
2026-09-28 14:16:50.693: [INFO] Profile: name=用户配置 1 path=C:\Project\JingDongSign\edge-debug-profile\Default lastActive=2026-09-28T14:16:50.635Z
2026-09-28 14:16:50.693: [INFO] LastUsedProfileDir: C:\Project\JingDongSign\edge-debug-profile\Default
2026-09-28 14:16:50.693: [INFO] MostRecentlyActiveProfile: name=用户配置 1 path=C:\Project\JingDongSign\edge-debug-profile\Default lastActive=2026-09-28T14:16:50.635Z
2026-09-28 14:16:50.693: [INFO] OnDoneLoading sync enabled: 0
2026-09-28 14:16:50.693: [INFO] BookmarkModelLoaded, ids_reassigned: 0
2026-09-28 14:16:50.693: [INFO] BookmarksLoadDropped droppedNodes=0
2026-09-28 14:16:50.693: [INFO] BookmarksSnapshot Startup total=0 bar=0 other=0 mobile=0 showBar=0 showBarNTP=1
2026-09-28 14:16:55.616: [INFO] VisibilityChanged: 0
2026-09-28 14:17:11.128: [INFO] BookmarksSnapshot Shutdown total=0 bar=0 other=0 mobile=0 showBar=0 showBarNTP=1
2026-09-28 14:56:45.491: [INFO] CurrentProfilePath: C:\Project\JingDongSign\edge-debug-profile\Default
2026-09-28 14:56:45.491: [INFO] Profiles total count: 1
2026-09-28 14:56:45.491: [INFO] Profile: name=用户配置 1 path=C:\Project\JingDongSign\edge-debug-profile\Default lastActive=2026-09-28T14:56:45.420Z
2026-09-28 14:56:45.491: [INFO] LastUsedProfileDir: C:\Project\JingDongSign\edge-debug-profile\Default
2026-09-28 14:56:45.491: [INFO] MostRecentlyActiveProfile: name=用户配置 1 path=C:\Project\JingDongSign\edge-debug-profile\Default lastActive=2026-09-28T14:56:45.420Z
2026-09-28 14:56:45.491: [INFO] OnDoneLoading sync enabled: 0
2026-09-28 14:56:45.491: [INFO] BookmarkModelLoaded, ids_reassigned: 0
2026-09-28 14:56:45.491: [INFO] BookmarksLoadDropped droppedNodes=0
2026-09-28 14:56:45.491: [INFO] BookmarksSnapshot Startup total=0 bar=0 other=0 mobile=0 showBar=0 showBarNTP=1
2026-09-28 14:56:45.494: [INFO] RecordSyncInitDuration has_sync_been_enabled: 0 state: 0
2026-09-28 14:57:00.354: [INFO] VisibilityChanged: 0
2026-09-28 14:58:13.372: [INFO] BookmarksSnapshot Shutdown total=0 bar=0 other=0 mobile=0 showBar=0 showBarNTP=1
2026-09-28 14:58:49.870: [INFO] CurrentProfilePath: C:\Project\JingDongSign\edge-debug-profile\Default
2026-09-28 14:58:49.870: [INFO] Profiles total count: 1
2026-09-28 14:58:49.870: [INFO] Profile: name=用户配置 1 path=C:\Project\JingDongSign\edge-debug-profile\Default lastActive=2026-09-28T14:58:49.805Z
2026-09-28 14:58:49.870: [INFO] LastUsedProfileDir: C:\Project\JingDongSign\edge-debug-profile\Default
2026-09-28 14:58:49.871: [INFO] MostRecentlyActiveProfile: name=用户配置 1 path=C:\Project\JingDongSign\edge-debug-profile\Default lastActive=2026-09-28T14:58:49.805Z
2026-09-28 14:58:49.871: [INFO] OnDoneLoading sync enabled: 0
2026-09-28 14:58:49.871: [INFO] BookmarkModelLoaded, ids_reassigned: 0
2026-09-28 14:58:49.871: [INFO] BookmarksLoadDropped droppedNodes=0
2026-09-28 14:58:49.871: [INFO] BookmarksSnapshot Startup total=0 bar=0 other=0 mobile=0 showBar=0 showBarNTP=1
2026-09-28 14:58:53.996: [INFO] VisibilityChanged: 0
2026-09-28 14:59:35.479: [INFO] BookmarksSnapshot Shutdown total=0 bar=0 other=0 mobile=0 showBar=0 showBarNTP=1
2026-09-28 15:00:48.772: [INFO] CurrentProfilePath: C:\Project\JingDongSign\edge-debug-profile\Default
2026-09-28 15:00:48.772: [INFO] Profiles total count: 1
2026-09-28 15:00:48.772: [INFO] Profile: name=用户配置 1 path=C:\Project\JingDongSign\edge-debug-profile\Default lastActive=2026-09-28T15:00:48.709Z
2026-09-28 15:00:48.772: [INFO] LastUsedProfileDir: C:\Project\JingDongSign\edge-debug-profile\Default
2026-09-28 15:00:48.772: [INFO] MostRecentlyActiveProfile: name=用户配置 1 path=C:\Project\JingDongSign\edge-debug-profile\Default lastActive=2026-09-28T15:00:48.709Z
2026-09-28 15:00:48.772: [INFO] OnDoneLoading sync enabled: 0
2026-09-28 15:00:48.772: [INFO] BookmarkModelLoaded, ids_reassigned: 0
2026-09-28 15:00:48.772: [INFO] BookmarksLoadDropped droppedNodes=0
2026-09-28 15:00:48.772: [INFO] BookmarksSnapshot Startup total=0 bar=0 other=0 mobile=0 showBar=0 showBarNTP=1
2026-09-28 15:00:50.364: [INFO] VisibilityChanged: 0
2026-09-28 15:01:11.833: [INFO] BookmarksSnapshot Shutdown total=0 bar=0 other=0 mobile=0 showBar=0 showBarNTP=1
2026-09-28 15:12:28.855: [INFO] CurrentProfilePath: C:\Project\JingDongSign\edge-debug-profile\Default
2026-09-28 15:12:28.855: [INFO] Profiles total count: 1
2026-09-28 15:12:28.856: [INFO] Profile: name=用户配置 1 path=C:\Project\JingDongSign\edge-debug-profile\Default lastActive=2026-09-28T15:12:28.782Z
2026-09-28 15:12:28.856: [INFO] LastUsedProfileDir: C:\Project\JingDongSign\edge-debug-profile\Default
2026-09-28 15:12:28.856: [INFO] MostRecentlyActiveProfile: name=用户配置 1 path=C:\Project\JingDongSign\edge-debug-profile\Default lastActive=2026-09-28T15:12:28.782Z
2026-09-28 15:12:28.856: [INFO] OnDoneLoading sync enabled: 0
2026-09-28 15:12:28.856: [INFO] BookmarkModelLoaded, ids_reassigned: 0
2026-09-28 15:12:28.856: [INFO] BookmarksLoadDropped droppedNodes=0
2026-09-28 15:12:28.856: [INFO] BookmarksSnapshot Startup total=0 bar=0 other=0 mobile=0 showBar=0 showBarNTP=1
2026-09-28 15:12:30.921: [INFO] VisibilityChanged: 0
2026-09-28 15:12:52.553: [INFO] BookmarksSnapshot Shutdown total=0 bar=0 other=0 mobile=0 showBar=0 showBarNTP=1
2026-09-30 09:54:00.160: [INFO] CurrentProfilePath: C:\Project\JingDongSign\edge-debug-profile\Default
2026-09-30 09:54:00.161: [INFO] Profiles total count: 1
2026-09-30 09:54:00.161: [INFO] Profile: name=用户配置 1 path=C:\Project\JingDongSign\edge-debug-profile\Default lastActive=2026-09-30T09:54:00.078Z
2026-09-30 09:54:00.161: [INFO] LastUsedProfileDir: C:\Project\JingDongSign\edge-debug-profile\Default
2026-09-30 09:54:00.161: [INFO] MostRecentlyActiveProfile: name=用户配置 1 path=C:\Project\JingDongSign\edge-debug-profile\Default lastActive=2026-09-30T09:54:00.078Z
2026-09-30 09:54:00.161: [INFO] OnDoneLoading sync enabled: 0
2026-09-30 09:54:00.161: [INFO] BookmarkModelLoaded, ids_reassigned: 0
2026-09-30 09:54:00.161: [INFO] BookmarksLoadDropped droppedNodes=0
2026-09-30 09:54:00.161: [INFO] BookmarksSnapshot Startup total=0 bar=0 other=0 mobile=0 showBar=0 showBarNTP=1
2026-09-30 09:54:05.027: [INFO] VisibilityChanged: 0
2026-09-30 10:41:12.601: [INFO] CurrentProfilePath: C:\Project\JingDongSign\edge-debug-profile\Default
2026-09-30 10:41:12.601: [INFO] Profiles total count: 1
2026-09-30 10:41:12.601: [INFO] Profile: name=用户配置 1 path=C:\Project\JingDongSign\edge-debug-profile\Default lastActive=2026-09-30T10:41:12.529Z
2026-09-30 10:41:12.601: [INFO] LastUsedProfileDir: C:\Project\JingDongSign\edge-debug-profile\Default
2026-09-30 10:41:12.601: [INFO] MostRecentlyActiveProfile: name=用户配置 1 path=C:\Project\JingDongSign\edge-debug-profile\Default lastActive=2026-09-30T10:41:12.529Z
2026-09-30 10:41:12.601: [INFO] OnDoneLoading sync enabled: 0
2026-09-30 10:41:12.601: [INFO] BookmarkModelLoaded, ids_reassigned: 0
2026-09-30 10:41:12.601: [INFO] BookmarksLoadDropped droppedNodes=0
2026-09-30 10:41:12.601: [INFO] BookmarksSnapshot Startup total=0 bar=0 other=0 mobile=0 showBar=0 showBarNTP=1
2026-09-30 10:41:18.774: [INFO] VisibilityChanged: 0
2026-09-30 10:41:40.462: [INFO] BookmarksSnapshot Shutdown total=0 bar=0 other=0 mobile=0 showBar=0 showBarNTP=1
2026-10-01 03:04:07.601: [INFO] CurrentProfilePath: /home/mucui/JingDongSign/edge-debug-profile/Default
2026-10-01 03:04:07.601: [INFO] Profiles total count: 1
2026-10-01 03:04:07.602: [INFO] Profile: name=用户配置 1 path=/home/mucui/JingDongSign/edge-debug-profile/Default lastActive=2026-10-01T03:04:07.500Z
2026-10-01 03:04:07.602: [INFO] LastUsedProfileDir: /home/mucui/JingDongSign/edge-debug-profile/Default
2026-10-01 03:04:07.602: [INFO] MostRecentlyActiveProfile: name=用户配置 1 path=/home/mucui/JingDongSign/edge-debug-profile/Default lastActive=2026-10-01T03:04:07.500Z
2026-10-01 03:04:07.602: [INFO] OnDoneLoading sync enabled: 0
2026-10-01 03:04:07.602: [INFO] BookmarkModelLoaded, ids_reassigned: 0
2026-10-01 03:04:07.602: [INFO] BookmarksLoadDropped droppedNodes=0
2026-10-01 03:04:07.602: [INFO] BookmarksSnapshot Startup total=0 bar=0 other=0 mobile=0 showBar=0 showBarNTP=1
2026-10-01 03:04:08.041: [INFO] RecordSyncInitDuration has_sync_been_enabled: 0 state: 0
2026-10-01 03:04:50.911: [INFO] VisibilityChanged: 0
2026-10-01 03:05:35.976: [INFO] BookmarksSnapshot Shutdown total=0 bar=0 other=0 mobile=0 showBar=0 showBarNTP=1
2026-10-01 03:09:55.042: [INFO] CurrentProfilePath: /home/mucui/JingDongSign/edge-debug-profile/Default
2026-10-01 03:09:55.042: [INFO] Profiles total count: 1
2026-10-01 03:09:55.042: [INFO] Profile: name=用户配置 1 path=/home/mucui/JingDongSign/edge-debug-profile/Default lastActive=2026-10-01T03:09:55.019Z
2026-10-01 03:09:55.042: [INFO] LastUsedProfileDir: /home/mucui/JingDongSign/edge-debug-profile/Default
2026-10-01 03:09:55.043: [INFO] MostRecentlyActiveProfile: name=用户配置 1 path=/home/mucui/JingDongSign/edge-debug-profile/Default lastActive=2026-10-01T03:09:55.019Z
2026-10-01 03:09:55.043: [INFO] OnDoneLoading sync enabled: 0
2026-10-01 03:09:55.043: [INFO] BookmarkModelLoaded, ids_reassigned: 0
2026-10-01 03:09:55.043: [INFO] BookmarksLoadDropped droppedNodes=0
2026-10-01 03:09:55.043: [INFO] BookmarksSnapshot Startup total=0 bar=0 other=0 mobile=0 showBar=0 showBarNTP=1
2026-10-01 03:09:56.893: [INFO] VisibilityChanged: 0
2026-10-01 03:10:19.214: [INFO] BookmarksSnapshot Shutdown total=0 bar=0 other=0 mobile=0 showBar=0 showBarNTP=1
